Script started on 2022-11-15 15:40:18-05:00
bash-4.4$ make
g++ -c RowColumnClass.cpp -o RowColumnClass.o
g++ -c RectangleClass.cpp -o RectangleClass.o
g++ -c project3.cpp -o project3.o
g++ -c isInputValid.cpp -o isInputValid.o
g++ -c colorOptions.cpp -o colorOptions.o
g++ -c ColorImageClass.cpp -o ColorImageClass.o
g++ -c ColorClass.cpp -o ColorClass.o
g++ -c PatternClass.cpp -o PatternClass.o
g++ RowColumnClass.o RectangleClass.o project3.o isInputValid.o colorOptions.o ColorImageClass.o ColorClass.o PatternClass.o  Constant.h -o project3.exe
bash-4.4$ make clean
rm -rf *.o *.exe
bash-4.4$ make
g++ -c RowColumnClass.cpp -o RowColumnClass.o
g++ -c RectangleClass.cpp -o RectangleClass.o
g++ -c project3.cpp -o project3.o
g++ -c isInputValid.cpp -o isInputValid.o
g++ -c colorOptions.cpp -o colorOptions.o
g++ -c ColorImageClass.cpp -o ColorImageClass.o
g++ -c ColorClass.cpp -o ColorClass.o
g++ -c PatternClass.cpp -o PatternClass.o
g++ RowColumnClass.o RectangleClass.o project3.o isInputValid.o colorOptions.o ColorImageClass.o ColorClass.o PatternClass.o  Constant.h -o project3.exe
bash-4.4$ make clean[K valgrind --leak-check=full ./project3.exe -g
==1054244== Memcheck, a memory error detector
==1054244== Copyright (C) 2002-2017, and GNU GPL'd, by Julian Seward et al.
==1054244== Using Valgrind-3.18.1 and LibVEX; rerun with -h for copyright info
==1054244== Command: ./project3.exe -g
==1054244== 
Enter string for PPM image file name to load: deer.ppm
1. Annotate image with rectangle
2. Annotate image with pattern from file
3. Insert another image
4. Write out current image
5. Exit the program
Enter int for main menu choice : 1
1. Specify upper left and lower right corners of rectangle
2. Specify upper left corner and dimensions of rectangle
3. Specify extent from center of rectangle
Enter int for rectangle specification method: 3
Enter rectangle center row and column: 123  32 327
Enter int for half number of rows: 12
Enter int for half number of columns : 12
1. Red
2. Green
3. Blue
4. Black
5. White
Enter int for rectangle color: 1
1. No
2. Yes
Enter int for rectangle fill option: 1
1. Annotate image with rectangle
2. Annotate image with pattern from file
3. Insert another image
4. Write out current image
5. Exit the program
Enter int for main menu choice : 4
Enter string for PPM file name to output: new1.ppm
1. Annotate image with rectangle
2. Annotate image with pattern from file
3. Insert another image
4. Write out current image
5. Exit the program
Enter int for main menu choice : 1
1. Specify upper left and lower right corners of rectangle
2. Specify upper left corner and dimensions of rectangle
3. Specify extent from center of rectangle
Enter int for rectangle specification method: 1
Enter upper left corner row and column: 300 312
Enter lower right corner row and column: 364 337
1. Red
2. Green
3. Blue
4. Black
5. White
Enter int for rectangle color: 3
1. No
2. Yes
Enter int for rectangle fill option: 1
1. Annotate image with rectangle
2. Annotate image with pattern from file
3. Insert another image
4. Write out current image
5. Exit the program
Enter int for main menu choice : 4
Enter string for PPM file name to output: pp  new2,ppm
1. Annotate image with rectangle
2. Annotate image with pattern from file
3. Insert another image
4. Write out current image
5. Exit the program
Enter int for main menu choice : 3
Enter string for file name of PPM image to insert: topHat.ppm
Enter upper left corner to insert image row and column: 35 290  80
1. Red
2. Green
3. Blue
4. Black
5. White
Enter int for transparecy color: 5
1. Annotate image with rectangle
2. Annotate image with pattern from file
3. Insert another image
4. Write out current image
5. Exit the program
Enter int for main menu choice : 4
Enter string for PPM file name to output: new3.ppm
1. Annotate image with rectangle
2. Annotate image with pattern from file
3. Insert another image
4. Write out current image
5. Exit the program
Enter int for main menu choice : 2
Enter string for file name containing pattern: ohdeerPattern.txt
Enter upper left corner of pattern row and column: 140 4 375
1. Red
2. Green
3. Blue
4. Black
5. White
Enter int for pattern color: 5
1. Annotate image with rectangle
2. Annotate image with pattern from file
3. Insert another image
4. Write out current image
5. Exit the program
Enter int for main menu choice : 4
Enter string for PPM file name to output: new4.ppm
1 1. Annotate image with rectangle
2. Annotate image with pattern from file
3. Insert another image
4. Write out current image
5. Exit the program
Enter int for main menu choice : 1
1. Specify upper left and lower right corners of rectangle
2. Specify upper left corner and dimensions of rectangle
3. Specify extent from center of rectangle
Enter int for rectangle specification method: 2
Enter upper left corner row and column: 375 200
Enter int for number of rows: 50 200
Enter int for number of columns: 1. Red
2. Green
3. Blue
4. Black
5. White
Enter int for rectangle color: 5
1. No
2. Yes
Enter int for rectangle fill option: 2
1. Annotate image with rectangle
2. Annotate image with pattern from file
3. Insert another image
4. Write out current image
5. Exit the program
Enter int for main menu choice : 4
Enter string for PPM file name to output: new5.ppm
1. Annotate image with rectangle
2. Annotate image with pattern from file
3. Insert another image
4. Write out current image
5. Exit the program
Enter int for main menu choice : 5
Thank you for using this program==1054244== 
==1054244== HEAP SUMMARY:
==1054244==     in use at exit: 0 bytes in 0 blocks
==1054244==   total heap usage: 24 allocs, 24 frees, 4,577,521 bytes allocated
==1054244== 
==1054244== All heap blocks were freed -- no leaks are possible
==1054244== 
==1054244== For lists of detected and suppressed errors, rerun with: -s
==1054244== ERROR SUMMARY: 0 errors from 0 contexts (suppressed: 0 from 0)
bash-4.4$ exit
exit

Script done on 2022-11-15 15:44:16-05:00
